15:51:04 **** Incremental Build of configuration Debug for project Lab1 ****
make -j12 all 
arm-none-eabi-gcc -o "Lab1.elf" @"objects.list"   -mcpu=cortex-m3 -T"G:\Study\ViXuLy\1652026-VXL-MCU\Lab1\STM32F103C6UX_FLASH.ld" --specs=nosys.specs -Wl,-Map="Lab1.map" -Wl,--gc-sections -static --specs=nano.specs -mfloat-abi=soft -mthumb -Wl,--start-group -lc -lm -Wl,--end-group
Finished building target: Lab1.elf
 
arm-none-eabi-size   Lab1.elf 
arm-none-eabi-objdump -h -S  Lab1.elf  > "Lab1.list"
arm-none-eabi-objcopy  -O ihex  Lab1.elf  "Lab1.hex"
   text	   data	    bss	    dec	    hex	filename
   4824	     20	   1572	   6416	   1910	Lab1.elf
arm-none-eabi-objcopy  -O binary  Lab1.elf  "Lab1.bin"
Finished building: default.size.stdout
 
Finished building: Lab1.hex
Finished building: Lab1.bin
 
Finished building: Lab1.list
 
 

15:51:06 Build Finished. 0 errors, 0 warnings. (took 1s.364ms)

